[html.lionode.com/korslook/index.html]
[backblue.gif]
[fade.gif]
[index.html]
[html.lionode.com/korslook/css/style.css]
[html.lionode.com/korslook/css/font-awesome.css]
[html.lionode.com/korslook/css/owl.carousel.css]
[html.lionode.com/korslook/images/favicon.png]
[html.lionode.com/korslook/index-2.html]
[html.lionode.com/korslook/images/logo.png]
[html.lionode.com/korslook/cart.html]
[html.lionode.com/korslook/product.html]
[html.lionode.com/korslook/images/product/car3-70x92.jpg]
[html.lionode.com/korslook/checkout.html]
[html.lionode.com/korslook/grid-view.html]
[html.lionode.com/korslook/checkout-step1.html]
[html.lionode.com/korslook/checkout-step2.html]
[html.lionode.com/korslook/checkout-step3.html]
[html.lionode.com/korslook/checkout-step4.html]
[html.lionode.com/korslook/404.html]
[html.lionode.com/korslook/blog.html]
[html.lionode.com/korslook/contact-us.html]
[html.lionode.com/korslook/about-us.html]
[html.lionode.com/korslook/images/main-banner1.jpg]
[html.lionode.com/korslook/images/main-banner2.jpg]
[html.lionode.com/korslook/images/main-banner3.jpg]
[html.lionode.com/korslook/images/product/pro1.png]
[html.lionode.com/korslook/images/product/pro2.png]
[html.lionode.com/korslook/images/product/pro3.png]
[html.lionode.com/korslook/images/product/pro4.png]
[html.lionode.com/korslook/images/product/pro5.png]
[html.lionode.com/korslook/images/product/pro6.png]
[html.lionode.com/korslook/images/product/pro7.png]
[html.lionode.com/korslook/product-detail-view.html]
[html.lionode.com/korslook/images/product/feature-pro-2.jpg]
[html.lionode.com/korslook/images/product/feature-pro-3.jpg]
[html.lionode.com/korslook/images/product/feature-pro-4.jpg]
[html.lionode.com/korslook/images/product/2prod281x366.jpg]
[html.lionode.com/korslook/video/Fashion_Film.mp4]
[html.lionode.com/korslook/mov_bbb.ogg]
[html.lionode.com/korslook/images/blog4.jpg]
[html.lionode.com/korslook/single-post.html]
[html.lionode.com/korslook/images/blog1.jpg]
[html.lionode.com/korslook/images/blog3.jpg]
[html.lionode.com/korslook/images/blog5.jpg]
[html.lionode.com/korslook/images/special-banner.jpg]
[html.lionode.com/korslook/images/special-banner2.jpg]
[html.lionode.com/korslook/images/special-banner3.jpg]
[html.lionode.com/korslook/images/special-banner4.jpg]
[html.lionode.com/korslook/images/brand1.png]
[html.lionode.com/korslook/images/brand2.png]
[html.lionode.com/korslook/images/brand3.png]
[html.lionode.com/korslook/images/brand4.png]
[html.lionode.com/korslook/images/brand5.png]
[html.lionode.com/korslook/images/brand6.png]
[html.lionode.com/korslook/images/brand7.png]
[html.lionode.com/korslook/images/brand8.png]
[html.lionode.com/korslook/images/brand9.png]
[html.lionode.com/korslook/js/owl.carousel.min.js]
[html.lionode.com/korslook/Bootstrap/js/bootstrap.js]
[html.lionode.com/korslook/index.html]
[html.lionode.com/korslook/js/globle.js]
[html.lionode.com/korslook/js/jQuery.js]
[html.lionode.com/korslook/images/cart.png]
[html.lionode.com/korslook/Bootstrap/css/bootstrap.css]
[html.lionode.com/korslook/images/widh-comp.png]
[html.lionode.com/korslook/images/cms-banner.jpg]
[html.lionode.com/korslook/images/footer-logo.png]
[html.lionode.com/korslook/images/list-grid.png]
[html.lionode.com/korslook/images/plus.png]
[html.lionode.com/korslook/css/style.css]
[html.lionode.com/korslook/fonts/fontawesome-webfont93e3.eot]
[html.lionode.com/korslook/fonts/fontawesome-webfontd41d.eot]
[html.lionode.com/korslook/fonts/fontawesome-webfont93e3.woff]
[html.lionode.com/korslook/fonts/fontawesome-webfont93e3.ttf]
[html.lionode.com/korslook/fonts/fontawesome-webfont93e3.svg]
[html.lionode.com/korslook/css/font-awesome.css]
[fonts.googleapis.com/cssc145.css]
[html.lionode.com/korslook/css/grabbing.png]
[html.lionode.com/korslook/css/owl.carousel.css]
[html.lionode.com/korslook/index-2.html]
[html.lionode.com/korslook/product-details.html]
[html.lionode.com/korslook/images/product/cart70x92.jpg]
[html.lionode.com/korslook/images/product/cart2-70x92.jpg]
[html.lionode.com/korslook/cart.html]
[html.lionode.com/korslook/product.html]
[html.lionode.com/korslook/forgot-password.html]
[html.lionode.com/korslook/checkout.html]
[html.lionode.com/korslook/css/jquery-ui.css]
[html.lionode.com/korslook/images/product/left-banner.jpg]
[html.lionode.com/korslook/images/product/3prod281x366.jpg]
[html.lionode.com/korslook/images/product/4prod281x366.jpg]
[html.lionode.com/korslook/images/product/5prod281x366.jpg]
[html.lionode.com/korslook/images/product/Category-banner.jpg]
[html.lionode.com/korslook/list-view.html]
[html.lionode.com/korslook/images/product/1prod281x366.jpg]
[html.lionode.com/korslook/images/product/6prod281x366.jpg]
[html.lionode.com/korslook/images/product/7prod281x366.jpg]
[html.lionode.com/korslook/grid-view.html]
[html.lionode.com/korslook/checkout-step1.html]
[html.lionode.com/korslook/checkout-step2.html]
[html.lionode.com/korslook/terms-conditions.html]
[html.lionode.com/korslook/checkout-step3.html]
[html.lionode.com/korslook/thanks-for-order.html]
[html.lionode.com/korslook/checkout-step4.html]
[html.lionode.com/korslook/images/404.png]
[html.lionode.com/korslook/js/jquery-ui.js]
[html.lionode.com/korslook/images/error.png]
[html.lionode.com/korslook/404.html]
[html.lionode.com/korslook/images/blog2.jpg]
[html.lionode.com/korslook/blog.html]
[html.lionode.com/korslook/contact-us.html]
[code.jquery.com/jquery-1.11.1.min.js]
[html.lionode.com/korslook/js/DioProgress.js]
[html.lionode.com/korslook/images/b1.jpg]
[html.lionode.com/korslook/images/team1.jpg]
[html.lionode.com/korslook/images/team2.jpg]
[html.lionode.com/korslook/images/team3.jpg]
[html.lionode.com/korslook/images/team4.jpg]
[html.lionode.com/korslook/about-us.html]
[html.lionode.com/korslook/images/favicon.ico]
[html.lionode.com/korslook/css/smoothproducts.css]
[html.lionode.com/korslook/images/sp-loading.gif]
[html.lionode.com/korslook/images/product/feature-pro-1.jpg]
[html.lionode.com/korslook/js/smoothproducts.min.js]
[html.lionode.com/korslook/product-detail-view.html]
[html.lionode.com/korslook/mov_bbb.html]
[html.lionode.com/korslook/images/comment-user.jpg]
[html.lionode.com/korslook/single-post.html]
[html.lionode.com/korslook/Bootstrap/fonts/glyphicons-halflings-regular.eot]
[html.lionode.com/korslook/Bootstrap/fonts/glyphicons-halflings-regulard41d.eot]
[html.lionode.com/korslook/Bootstrap/fonts/glyphicons-halflings-regular.woff]
[html.lionode.com/korslook/Bootstrap/fonts/glyphicons-halflings-regular.ttf]
[html.lionode.com/korslook/Bootstrap/css/bootstrap.css]
[html.lionode.com/korslook/fonts/fontawesome-webfont93e3.html]
[html.lionode.com/korslook/fonts/fontawesome-webfont93e3.svg]
[html.lionode.com/korslook/css/grabbing.html]
[html.lionode.com/korslook/product-details.html]
[html.lionode.com/korslook/Bootstrap/fonts/glyphicons-halflings-regular.svg]
[html.lionode.com/korslook/forgot-password.html]
[html.lionode.com/korslook/images/product/car3-70x92.jpg]
[html.lionode.com/korslook/css/jquery-ui.css]
[html.lionode.com/korslook/list-view.html]
[html.lionode.com/korslook/terms-conditions.html]
[html.lionode.com/korslook/thanks-for-order.html]
[html.lionode.com/korslook/grid-vier.html]
[html.lionode.com/korslook/css/DioProgress.css]
[html.lionode.com/korslook/images/favicon.html]
[fonts.googleapis.com/css8705.css]
[html.lionode.com/korslook/css/smoothproducts.css]
[html.lionode.com/korslook/images/sp-loading.html]
[html.lionode.com/korslook/images/main-banner1.jpg]
[html.lionode.com/korslook/images/main-banner2.jpg]
[html.lionode.com/korslook/images/product/feature-pro-3.jpg]
[html.lionode.com/korslook/images/blog4.jpg]
[html.lionode.com/korslook/Bootstrap/fonts/glyphicons-halflings-regular.svg]
[html.lionode.com/korslook/images/product/cart70x92.jpg]
[html.lionode.com/korslook/grid-vier.html]
[html.lionode.com/korslook/images/product/1prod281x366.jpg]
[html.lionode.com/korslook/images/404.png]
[html.lionode.com/korslook/video/Fashion_Film.mp4]
[html.lionode.com/korslook/Bootstrap/fonts/glyphicons-halflings-regular.woff2]
[html.lionode.com/korslook/images/blog1.jpg]
[html.lionode.com/korslook/images/product/feature-pro-1.jpg]
[html.lionode.com/korslook/images/main-banner1.jpg]
